// Jest Snapshot v1, https://goo.gl/fbAQLP

exports[`ReComponent with Immutable.JS records increases the counter when clicked 1`] = `
<button>
  You’ve clicked this 
  1
   times(s)
</button>
`;

exports[`ReComponent with Immutable.JS records renders the initial state 1`] = `
<button>
  You’ve clicked this 
  0
   times(s)
</button>
`;

exports[`ReComponent with mocked console errors when no \`reducer\` method is defined 1`] = `"Example(...): No \`reducer\` method found on the returned component instance: did you define a reducer?"`;

exports[`ReComponent with plain JS objects increases the counter when clicked 1`] = `
<button>
  You’ve clicked this 
  1
   times(s)
</button>
`;

exports[`ReComponent with plain JS objects renders the initial state 1`] = `
<button>
  You’ve clicked this 
  0
   times(s)
</button>
`;
