// Jest Snapshot v1, https://goo.gl/fbAQLP

exports[`UpdateTypes throws when an invalid value was returned 1`] = `"ReducerReturns(...): Return value of \`reducer\` method is not a valid action. Please use: \`NoUpdate()\`, \`Update(state)\`, \`SideEffects(fn)\`, or \`UpdateWithSideEffects(state, fn)\` instead."`;

exports[`UpdateTypes throws when no value was returned 1`] = `"ReducerReturns(...): \`reducer\` method returned \`undefined\`: did you forget to handle this action? Please return \`NoUpdate()\`, \`Update(state)\`, \`SideEffects(fn)\`, or \`UpdateWithSideEffects(state, fn)\` instead."`;
